// Jest Snapshot v1, https://goo.gl/fbAQLP

exports[`WagesView component:  Should render correctly 1`] = `
<div>
  <div
    key="0"
  >
    <h3>
      Monthly wages: 1/2015
    </h3>
    <WagesTable
      workers={
        Array [
          Object {
            "days": Array [
              Object {
                "date": "1.1.2015",
                "eveningHours": 0,
                "hours": 8,
                "overtimeHours": 0,
                "wage": 34,
              },
              Object {
                "date": "2.1.2015",
                "eveningHours": 0,
                "hours": 10,
                "overtimeHours": 2,
                "wage": 44.63,
              },
            ],
            "fullname": "Foo Bar",
            "id": 1,
          },
          Object {
            "days": Array [
              Object {
                "date": "1.1.2015",
                "eveningHours": 0,
                "hours": 8,
                "overtimeHours": 0,
                "wage": 34,
              },
              Object {
                "date": "2.1.2015",
                "eveningHours": 6,
                "hours": 10,
                "overtimeHours": 2,
                "wage": 52.13,
              },
            ],
            "fullname": "Bar Baz",
            "id": 2,
          },
          Object {
            "days": Array [
              Object {
                "date": "1.1.2015",
                "eveningHours": 2,
                "hours": 12,
                "overtimeHours": 4,
                "wage": 58.81,
              },
              Object {
                "date": "3.1.2015",
                "eveningHours": 8,
                "hours": 12,
                "overtimeHours": 4,
                "wage": 66.31,
              },
            ],
            "fullname": "Asd Das",
            "id": 3,
          },
        ]
      }
    />
  </div>
</div>
`;
